Radek
Dodane
Dodane
Dodane
Dośąńdane
